app/api/auth/verify-email/resend/route.ts(40,14): error TS2551: Property 'is_verified' does not exist on type '{ id: number; name: string; passwordHash: string | null; email: string; isVerified: boolean | null; verifyCode: string | null; verifyCodeExpiry: Date | null; provider: "credentials" | "google" | null; createdAt: Date; }'. Did you mean 'isVerified'?
app/api/auth/verify-email/resend/route.ts(59,9): error TS2561: Object literal may only specify known properties, but 'verify_code' does not exist in type '{ name?: string | SQL<unknown> | PgColumn<ColumnBaseConfig<ColumnDataType, string>, {}, {}> | undefined; email?: string | SQL<unknown> | PgColumn<...> | undefined; ... 5 more ...; createdAt?: SQL<...> | ... 2 more ... | undefined; }'. Did you mean to write 'verifyCode'?
app/dashboard/hotels/rooms/page.tsx(81,21): error TS2322: Type '{ id: number; hotelId: number; roomNumber: string; roomType: "single" | "double" | "twin" | "family" | "suite"; description: string; pricePerNight: string; capacity: number; status: "available" | "maintenance" | "inactive"; createdAt: Date; updatedAt: Date; }[]' is not assignable to type 'Room[]'.
  Type '{ id: number; hotelId: number; roomNumber: string; roomType: "single" | "double" | "twin" | "family" | "suite"; description: string; pricePerNight: string; capacity: number; status: "available" | "maintenance" | "inactive"; createdAt: Date; updatedAt: Date; }' is missing the following properties from type 'Room': room_number, room_type, price_per_night
app/features/auth/services/register.service.ts(53,24): error TS2551: Property 'is_verified' does not exist on type '{ id: number; name: string; passwordHash: string | null; email: string; isVerified: boolean | null; verifyCode: string | null; verifyCodeExpiry: Date | null; provider: "credentials" | "google" | null; createdAt: Date; }'. Did you mean 'isVerified'?
app/features/auth/services/register.service.ts(61,31): error TS2551: Property 'is_verified' does not exist on type '{ id: number; name: string; passwordHash: string | null; email: string; isVerified: boolean | null; verifyCode: string | null; verifyCodeExpiry: Date | null; provider: "credentials" | "google" | null; createdAt: Date; }'. Did you mean 'isVerified'?
app/features/auth/services/register.service.ts(75,13): error TS2561: Object literal may only specify known properties, but 'password_hash' does not exist in type '{ name?: string | SQL<unknown> | PgColumn<ColumnBaseConfig<ColumnDataType, string>, {}, {}> | undefined; email?: string | SQL<unknown> | PgColumn<...> | undefined; ... 5 more ...; createdAt?: SQL<...> | ... 2 more ... | undefined; }'. Did you mean to write 'passwordHash'?
app/features/auth/services/register.service.ts(87,10): error TS2769: No overload matches this call.
  Overload 1 of 2, '(value: { name: string | SQL<unknown> | Placeholder<string, any>; email: string | SQL<unknown> | Placeholder<string, any>; provider?: "credentials" | "google" | SQL<...> | Placeholder<...> | null | undefined; ... 4 more ...; createdAt?: SQL<...> | ... 2 more ... | undefined; }): PgInsertBase<...>', gave the following error.
    Object literal may only specify known properties, but 'password_hash' does not exist in type '{ name: string | SQL<unknown> | Placeholder<string, any>; email: string | SQL<unknown> | Placeholder<string, any>; provider?: "credentials" | "google" | SQL<...> | Placeholder<...> | null | undefined; ... 4 more ...; createdAt?: SQL<...> | ... 2 more ... | undefined; }'. Did you mean to write 'passwordHash'?
  Overload 2 of 2, '(values: { name: string | SQL<unknown> | Placeholder<string, any>; email: string | SQL<unknown> | Placeholder<string, any>; provider?: "credentials" | "google" | SQL<...> | Placeholder<...> | null | undefined; ... 4 more ...; createdAt?: SQL<...> | ... 2 more ... | undefined; }[]): PgInsertBase<...>', gave the following error.
    Object literal may only specify known properties, and 'name' does not exist in type '{ name: string | SQL<unknown> | Placeholder<string, any>; email: string | SQL<unknown> | Placeholder<string, any>; provider?: "credentials" | "google" | SQL<...> | Placeholder<...> | null | undefined; ... 4 more ...; createdAt?: SQL<...> | ... 2 more ... | undefined; }[]'.
app/features/auth/services/verify-email.service.ts(27,39): error TS2551: Property 'verify_code' does not exist on type '{ id: number; name: string; passwordHash: string | null; email: string; isVerified: boolean | null; verifyCode: string | null; verifyCodeExpiry: Date | null; provider: "credentials" | "google" | null; createdAt: Date; }'. Did you mean 'verifyCode'?
app/features/auth/services/verify-email.service.ts(28,35): error TS2551: Property 'verify_code_expiry' does not exist on type '{ id: number; name: string; passwordHash: string | null; email: string; isVerified: boolean | null; verifyCode: string | null; verifyCodeExpiry: Date | null; provider: "credentials" | "google" | null; createdAt: Date; }'. Did you mean 'verifyCodeExpiry'?
app/features/auth/services/verify-email.service.ts(28,71): error TS2551: Property 'verify_code_expiry' does not exist on type '{ id: number; name: string; passwordHash: string | null; email: string; isVerified: boolean | null; verifyCode: string | null; verifyCodeExpiry: Date | null; provider: "credentials" | "google" | null; createdAt: Date; }'. Did you mean 'verifyCodeExpiry'?
app/features/auth/services/verify-email.service.ts(34,11): error TS2561: Object literal may only specify known properties, but 'is_verified' does not exist in type '{ name?: string | SQL<unknown> | PgColumn<ColumnBaseConfig<ColumnDataType, string>, {}, {}> | undefined; email?: string | SQL<unknown> | PgColumn<...> | undefined; ... 5 more ...; createdAt?: SQL<...> | ... 2 more ... | undefined; }'. Did you mean to write 'isVerified'?
app/features/hotel/actions/createHotel.ts(28,9): error TS2769: No overload matches this call.
  Overload 1 of 2, '(value: { name: string | SQL<unknown> | Placeholder<string, any>; description: string | SQL<unknown> | Placeholder<string, any>; phoneNumber: string | SQL<unknown> | Placeholder<...>; ... 13 more ...; updatedAt?: SQL<...> | ... 3 more ... | undefined; }): PgInsertBase<...>', gave the following error.
    Object literal may only specify known properties, but 'user_id' does not exist in type '{ name: string | SQL<unknown> | Placeholder<string, any>; description: string | SQL<unknown> | Placeholder<string, any>; phoneNumber: string | SQL<unknown> | Placeholder<...>; ... 13 more ...; updatedAt?: SQL<...> | ... 3 more ... | undefined; }'. Did you mean to write 'userId'?
  Overload 2 of 2, '(values: { name: string | SQL<unknown> | Placeholder<string, any>; description: string | SQL<unknown> | Placeholder<string, any>; phoneNumber: string | SQL<unknown> | Placeholder<...>; ... 13 more ...; updatedAt?: SQL<...> | ... 3 more ... | undefined; }[]): PgInsertBase<...>', gave the following error.
    Object literal may only specify known properties, and 'user_id' does not exist in type '{ name: string | SQL<unknown> | Placeholder<string, any>; description: string | SQL<unknown> | Placeholder<string, any>; phoneNumber: string | SQL<unknown> | Placeholder<...>; ... 13 more ...; updatedAt?: SQL<...> | ... 3 more ... | undefined; }[]'.
app/features/hotel/actions/createRoom.ts(41,23): error TS2551: Property 'hotel_id' does not exist on type 'PgTableWithColumns<{ name: "rooms"; schema: undefined; columns: { id: PgColumn<{ name: "id"; tableName: "rooms"; dataType: "number"; columnType: "PgInteger"; data: number; driverParam: string | number; notNull: true; hasDefault: true; ... 6 more ...; generated: undefined; }, {}, {}>; ... 8 more ...; updatedAt: PgCol...'. Did you mean 'hotelId'?
app/features/hotel/actions/createRoom.ts(42,23): error TS2551: Property 'room_number' does not exist on type 'PgTableWithColumns<{ name: "rooms"; schema: undefined; columns: { id: PgColumn<{ name: "id"; tableName: "rooms"; dataType: "number"; columnType: "PgInteger"; data: number; driverParam: string | number; notNull: true; hasDefault: true; ... 6 more ...; generated: undefined; }, {}, {}>; ... 8 more ...; updatedAt: PgCol...'. Did you mean 'roomNumber'?
app/features/hotel/actions/createRoom.ts(59,9): error TS2769: No overload matches this call.
  Overload 1 of 2, '(value: { description: string | SQL<unknown> | Placeholder<string, any>; hotelId: number | SQL<unknown> | Placeholder<string, any>; roomNumber: string | SQL<...> | Placeholder<...>; ... 5 more ...; updatedAt?: SQL<...> | ... 2 more ... | undefined; }): PgInsertBase<...>', gave the following error.
    Object literal may only specify known properties, but 'hotel_id' does not exist in type '{ description: string | SQL<unknown> | Placeholder<string, any>; hotelId: number | SQL<unknown> | Placeholder<string, any>; roomNumber: string | SQL<unknown> | Placeholder<...>; ... 5 more ...; updatedAt?: SQL<...> | ... 2 more ... | undefined; }'. Did you mean to write 'hotelId'?
  Overload 2 of 2, '(values: { description: string | SQL<unknown> | Placeholder<string, any>; hotelId: number | SQL<unknown> | Placeholder<string, any>; roomNumber: string | SQL<...> | Placeholder<...>; ... 5 more ...; updatedAt?: SQL<...> | ... 2 more ... | undefined; }[]): PgInsertBase<...>', gave the following error.
    Object literal may only specify known properties, and 'hotel_id' does not exist in type '{ description: string | SQL<unknown> | Placeholder<string, any>; hotelId: number | SQL<unknown> | Placeholder<string, any>; roomNumber: string | SQL<unknown> | Placeholder<...>; ... 5 more ...; updatedAt?: SQL<...> | ... 2 more ... | undefined; }[]'.
app/features/hotel/actions/createRoom.ts(73,9): error TS2769: No overload matches this call.
  Overload 1 of 2, '(value: { imageUrl: string | SQL<unknown> | Placeholder<string, any>; publicId: string | SQL<unknown> | Placeholder<string, any>; roomId: number | SQL<unknown> | Placeholder<...>; createdAt?: SQL<...> | ... 2 more ... | undefined; }): PgInsertBase<...>', gave the following error.
    Argument of type '{ room_id: number; image_url: string; public_id: string; }[]' is not assignable to parameter of type '{ imageUrl: string | SQL<unknown> | Placeholder<string, any>; publicId: string | SQL<unknown> | Placeholder<string, any>; roomId: number | SQL<unknown> | Placeholder<...>; createdAt?: SQL<...> | ... 2 more ... | undefined; }'.
      Type '{ room_id: number; image_url: string; public_id: string; }[]' is missing the following properties from type '{ imageUrl: string | SQL<unknown> | Placeholder<string, any>; publicId: string | SQL<unknown> | Placeholder<string, any>; roomId: number | SQL<unknown> | Placeholder<...>; createdAt?: SQL<...> | ... 2 more ... | undefined; }': imageUrl, publicId, roomId
  Overload 2 of 2, '(values: { imageUrl: string | SQL<unknown> | Placeholder<string, any>; publicId: string | SQL<unknown> | Placeholder<string, any>; roomId: number | SQL<unknown> | Placeholder<...>; createdAt?: SQL<...> | ... 2 more ... | undefined; }[]): PgInsertBase<...>', gave the following error.
    Argument of type '{ room_id: number; image_url: string; public_id: string; }[]' is not assignable to parameter of type '{ imageUrl: string | SQL<unknown> | Placeholder<string, any>; publicId: string | SQL<unknown> | Placeholder<string, any>; roomId: number | SQL<unknown> | Placeholder<...>; createdAt?: SQL<...> | ... 2 more ... | undefined; }[]'.
      Type '{ room_id: number; image_url: string; public_id: string; }' is missing the following properties from type '{ imageUrl: string | SQL<unknown> | Placeholder<string, any>; publicId: string | SQL<unknown> | Placeholder<string, any>; roomId: number | SQL<unknown> | Placeholder<...>; createdAt?: SQL<...> | ... 2 more ... | undefined; }': imageUrl, publicId, roomId
app/features/hotel/actions/createRoom.ts(83,9): error TS2769: No overload matches this call.
  Overload 1 of 2, '(value: { facilityId: number | SQL<unknown> | Placeholder<string, any>; roomId: number | SQL<unknown> | Placeholder<string, any>; }): PgInsertBase<PgTableWithColumns<{ name: "room_facilities"; schema: undefined; columns: { ...; }; dialect: "pg"; }>, ... 4 more ..., never>', gave the following error.
    Argument of type '{ room_id: number; facility_id: number; }[]' is not assignable to parameter of type '{ facilityId: number | SQL<unknown> | Placeholder<string, any>; roomId: number | SQL<unknown> | Placeholder<string, any>; }'.
      Type '{ room_id: number; facility_id: number; }[]' is missing the following properties from type '{ facilityId: number | SQL<unknown> | Placeholder<string, any>; roomId: number | SQL<unknown> | Placeholder<string, any>; }': facilityId, roomId
  Overload 2 of 2, '(values: { facilityId: number | SQL<unknown> | Placeholder<string, any>; roomId: number | SQL<unknown> | Placeholder<string, any>; }[]): PgInsertBase<PgTableWithColumns<{ name: "room_facilities"; schema: undefined; columns: { ...; }; dialect: "pg"; }>, ... 4 more ..., never>', gave the following error.
    Argument of type '{ room_id: number; facility_id: number; }[]' is not assignable to parameter of type '{ facilityId: number | SQL<unknown> | Placeholder<string, any>; roomId: number | SQL<unknown> | Placeholder<string, any>; }[]'.
      Type '{ room_id: number; facility_id: number; }' is missing the following properties from type '{ facilityId: number | SQL<unknown> | Placeholder<string, any>; roomId: number | SQL<unknown> | Placeholder<string, any>; }': facilityId, roomId
app/features/hotel/actions/deleteRoom.ts(30,29): error TS2551: Property 'hotel_id' does not exist on type 'PgTableWithColumns<{ name: "rooms"; schema: undefined; columns: { id: PgColumn<{ name: "id"; tableName: "rooms"; dataType: "number"; columnType: "PgInteger"; data: number; driverParam: string | number; notNull: true; hasDefault: true; ... 6 more ...; generated: undefined; }, {}, {}>; ... 8 more ...; updatedAt: PgCol...'. Did you mean 'hotelId'?
app/features/hotel/actions/deleteRoom.ts(46,30): error TS2551: Property 'user_id' does not exist on type 'PgTableWithColumns<{ name: "hotels"; schema: undefined; columns: { id: PgColumn<{ name: "id"; tableName: "hotels"; dataType: "number"; columnType: "PgInteger"; data: number; driverParam: string | number; notNull: true; ... 7 more ...; generated: undefined; }, {}, {}>; ... 16 more ...; updatedAt: PgColumn<...>; }; di...'. Did you mean 'userId'?
app/features/hotel/actions/deleteRoom.ts(68,35): error TS2551: Property 'public_id' does not exist on type 'PgTableWithColumns<{ name: "room_images"; schema: undefined; columns: { id: PgColumn<{ name: "id"; tableName: "room_images"; dataType: "number"; columnType: "PgInteger"; data: number; driverParam: string | number; notNull: true; ... 7 more ...; generated: undefined; }, {}, {}>; roomId: PgColumn<...>; imageUrl: PgCol...'. Did you mean 'publicId'?
app/features/hotel/actions/deleteRoom.ts(71,33): error TS2551: Property 'room_id' does not exist on type 'PgTableWithColumns<{ name: "room_images"; schema: undefined; columns: { id: PgColumn<{ name: "id"; tableName: "room_images"; dataType: "number"; columnType: "PgInteger"; data: number; driverParam: string | number; notNull: true; ... 7 more ...; generated: undefined; }, {}, {}>; roomId: PgColumn<...>; imageUrl: PgCol...'. Did you mean 'roomId'?
app/features/hotel/actions/getHotelByOwnerId.ts(9,27): error TS2551: Property 'user_id' does not exist on type 'PgTableWithColumns<{ name: "hotels"; schema: undefined; columns: { id: PgColumn<{ name: "id"; tableName: "hotels"; dataType: "number"; columnType: "PgInteger"; data: number; driverParam: string | number; notNull: true; ... 7 more ...; generated: undefined; }, {}, {}>; ... 16 more ...; updatedAt: PgColumn<...>; }; di...'. Did you mean 'userId'?
app/features/hotel/actions/getHotelByOwnerId.ts(19,27): error TS2551: Property 'user_id' does not exist on type 'PgTableWithColumns<{ name: "hotels"; schema: undefined; columns: { id: PgColumn<{ name: "id"; tableName: "hotels"; dataType: "number"; columnType: "PgInteger"; data: number; driverParam: string | number; notNull: true; ... 7 more ...; generated: undefined; }, {}, {}>; ... 16 more ...; updatedAt: PgColumn<...>; }; di...'. Did you mean 'userId'?
app/features/hotel/actions/getRoomById.ts(35,28): error TS2551: Property 'user_id' does not exist on type 'PgTableWithColumns<{ name: "hotels"; schema: undefined; columns: { id: PgColumn<{ name: "id"; tableName: "hotels"; dataType: "number"; columnType: "PgInteger"; data: number; driverParam: string | number; notNull: true; ... 7 more ...; generated: undefined; }, {}, {}>; ... 16 more ...; updatedAt: PgColumn<...>; }; di...'. Did you mean 'userId'?
app/features/hotel/actions/getRoomById.ts(38,36): error TS2551: Property 'hotel_id' does not exist on type '{ id: number; hotelId: number; roomNumber: string; roomType: "single" | "double" | "twin" | "family" | "suite"; description: string; pricePerNight: string; capacity: number; status: "available" | "maintenance" | "inactive"; createdAt: Date; updatedAt: Date; }'. Did you mean 'hotelId'?
app/features/hotel/actions/getRoomById.ts(47,33): error TS2551: Property 'image_url' does not exist on type 'PgTableWithColumns<{ name: "room_images"; schema: undefined; columns: { id: PgColumn<{ name: "id"; tableName: "room_images"; dataType: "number"; columnType: "PgInteger"; data: number; driverParam: string | number; notNull: true; ... 7 more ...; generated: undefined; }, {}, {}>; roomId: PgColumn<...>; imageUrl: PgCol...'. Did you mean 'imageUrl'?
app/features/hotel/actions/getRoomById.ts(48,33): error TS2551: Property 'public_id' does not exist on type 'PgTableWithColumns<{ name: "room_images"; schema: undefined; columns: { id: PgColumn<{ name: "id"; tableName: "room_images"; dataType: "number"; columnType: "PgInteger"; data: number; driverParam: string | number; notNull: true; ... 7 more ...; generated: undefined; }, {}, {}>; roomId: PgColumn<...>; imageUrl: PgCol...'. Did you mean 'publicId'?
app/features/hotel/actions/getRoomById.ts(51,31): error TS2551: Property 'room_id' does not exist on type 'PgTableWithColumns<{ name: "room_images"; schema: undefined; columns: { id: PgColumn<{ name: "id"; tableName: "room_images"; dataType: "number"; columnType: "PgInteger"; data: number; driverParam: string | number; notNull: true; ... 7 more ...; generated: undefined; }, {}, {}>; roomId: PgColumn<...>; imageUrl: PgCol...'. Did you mean 'roomId'?
app/features/hotel/actions/getRoomById.ts(56,39): error TS2551: Property 'facility_id' does not exist on type 'PgTableWithColumns<{ name: "room_facilities"; schema: undefined; columns: { roomId: PgColumn<{ name: "room_id"; tableName: "room_facilities"; dataType: "number"; columnType: "PgInteger"; data: number; driverParam: string | number; ... 8 more ...; generated: undefined; }, {}, {}>; facilityId: PgColumn<...>; }; dialec...'. Did you mean 'facilityId'?
app/features/hotel/actions/getRoomById.ts(59,35): error TS2551: Property 'room_id' does not exist on type 'PgTableWithColumns<{ name: "room_facilities"; schema: undefined; columns: { roomId: PgColumn<{ name: "room_id"; tableName: "room_facilities"; dataType: "number"; columnType: "PgInteger"; data: number; driverParam: string | number; ... 8 more ...; generated: undefined; }, {}, {}>; facilityId: PgColumn<...>; }; dialec...'. Did you mean 'roomId'?
app/features/hotel/actions/getRoomById.ts(62,20): error TS2551: Property 'room_number' does not exist on type '{ id: number; hotelId: number; roomNumber: string; roomType: "single" | "double" | "twin" | "family" | "suite"; description: string; pricePerNight: string; capacity: number; status: "available" | "maintenance" | "inactive"; createdAt: Date; updatedAt: Date; }'. Did you mean 'roomNumber'?
app/features/hotel/actions/getRoomById.ts(63,18): error TS2551: Property 'room_type' does not exist on type '{ id: number; hotelId: number; roomNumber: string; roomType: "single" | "double" | "twin" | "family" | "suite"; description: string; pricePerNight: string; capacity: number; status: "available" | "maintenance" | "inactive"; createdAt: Date; updatedAt: Date; }'. Did you mean 'roomType'?
app/features/hotel/actions/getRoomById.ts(65,30): error TS2551: Property 'price_per_night' does not exist on type '{ id: number; hotelId: number; roomNumber: string; roomType: "single" | "double" | "twin" | "family" | "suite"; description: string; pricePerNight: string; capacity: number; status: "available" | "maintenance" | "inactive"; createdAt: Date; updatedAt: Date; }'. Did you mean 'pricePerNight'?
app/features/hotel/actions/getRooms.ts(56,27): error TS2551: Property 'user_id' does not exist on type 'PgTableWithColumns<{ name: "hotels"; schema: undefined; columns: { id: PgColumn<{ name: "id"; tableName: "hotels"; dataType: "number"; columnType: "PgInteger"; data: number; driverParam: string | number; notNull: true; ... 7 more ...; generated: undefined; }, {}, {}>; ... 16 more ...; updatedAt: PgColumn<...>; }; di...'. Did you mean 'userId'?
app/features/hotel/actions/getRooms.ts(67,19): error TS2551: Property 'hotel_id' does not exist on type 'PgTableWithColumns<{ name: "rooms"; schema: undefined; columns: { id: PgColumn<{ name: "id"; tableName: "rooms"; dataType: "number"; columnType: "PgInteger"; data: number; driverParam: string | number; notNull: true; hasDefault: true; ... 6 more ...; generated: undefined; }, {}, {}>; ... 8 more ...; updatedAt: PgCol...'. Did you mean 'hotelId'?
app/features/hotel/actions/getRooms.ts(72,24): error TS2551: Property 'room_number' does not exist on type 'PgTableWithColumns<{ name: "rooms"; schema: undefined; columns: { id: PgColumn<{ name: "id"; tableName: "rooms"; dataType: "number"; columnType: "PgInteger"; data: number; driverParam: string | number; notNull: true; hasDefault: true; ... 6 more ...; generated: undefined; }, {}, {}>; ... 8 more ...; updatedAt: PgCol...'. Did you mean 'roomNumber'?
app/features/hotel/actions/getRooms.ts(81,35): error TS2551: Property 'room_type' does not exist on type 'PgTableWithColumns<{ name: "rooms"; schema: undefined; columns: { id: PgColumn<{ name: "id"; tableName: "rooms"; dataType: "number"; columnType: "PgInteger"; data: number; driverParam: string | number; notNull: true; hasDefault: true; ... 6 more ...; generated: undefined; }, {}, {}>; ... 8 more ...; updatedAt: PgCol...'. Did you mean 'roomType'?
app/features/hotel/actions/getRooms.ts(88,32): error TS2551: Property 'created_at' does not exist on type 'PgTableWithColumns<{ name: "rooms"; schema: undefined; columns: { id: PgColumn<{ name: "id"; tableName: "rooms"; dataType: "number"; columnType: "PgInteger"; data: number; driverParam: string | number; notNull: true; hasDefault: true; ... 6 more ...; generated: undefined; }, {}, {}>; ... 8 more ...; updatedAt: PgCol...'. Did you mean 'createdAt'?
app/features/hotel/actions/getRooms.ts(92,32): error TS2551: Property 'price_per_night' does not exist on type 'PgTableWithColumns<{ name: "rooms"; schema: undefined; columns: { id: PgColumn<{ name: "id"; tableName: "rooms"; dataType: "number"; columnType: "PgInteger"; data: number; driverParam: string | number; notNull: true; hasDefault: true; ... 6 more ...; generated: undefined; }, {}, {}>; ... 8 more ...; updatedAt: PgCol...'. Did you mean 'pricePerNight'?
app/features/hotel/actions/getRooms.ts(96,33): error TS2551: Property 'price_per_night' does not exist on type 'PgTableWithColumns<{ name: "rooms"; schema: undefined; columns: { id: PgColumn<{ name: "id"; tableName: "rooms"; dataType: "number"; columnType: "PgInteger"; data: number; driverParam: string | number; notNull: true; hasDefault: true; ... 6 more ...; generated: undefined; }, {}, {}>; ... 8 more ...; updatedAt: PgCol...'. Did you mean 'pricePerNight'?
app/features/hotel/actions/getRooms.ts(108,33): error TS2551: Property 'created_at' does not exist on type 'PgTableWithColumns<{ name: "rooms"; schema: undefined; columns: { id: PgColumn<{ name: "id"; tableName: "rooms"; dataType: "number"; columnType: "PgInteger"; data: number; driverParam: string | number; notNull: true; hasDefault: true; ... 6 more ...; generated: undefined; }, {}, {}>; ... 8 more ...; updatedAt: PgCol...'. Did you mean 'createdAt'?
app/features/hotel/actions/updateRoom.ts(39,29): error TS2551: Property 'hotel_id' does not exist on type 'PgTableWithColumns<{ name: "rooms"; schema: undefined; columns: { id: PgColumn<{ name: "id"; tableName: "rooms"; dataType: "number"; columnType: "PgInteger"; data: number; driverParam: string | number; notNull: true; hasDefault: true; ... 6 more ...; generated: undefined; }, {}, {}>; ... 8 more ...; updatedAt: PgCol...'. Did you mean 'hotelId'?
app/features/hotel/actions/updateRoom.ts(53,30): error TS2551: Property 'user_id' does not exist on type 'PgTableWithColumns<{ name: "hotels"; schema: undefined; columns: { id: PgColumn<{ name: "id"; tableName: "hotels"; dataType: "number"; columnType: "PgInteger"; data: number; driverParam: string | number; notNull: true; ... 7 more ...; generated: undefined; }, {}, {}>; ... 16 more ...; updatedAt: PgColumn<...>; }; di...'. Did you mean 'userId'?
app/features/hotel/actions/updateRoom.ts(77,11): error TS2561: Object literal may only specify known properties, but 'room_number' does not exist in type '{ description?: string | SQL<unknown> | PgColumn<ColumnBaseConfig<ColumnDataType, string>, {}, {}> | undefined; hotelId?: number | SQL<...> | PgColumn<...> | undefined; ... 6 more ...; updatedAt?: SQL<...> | ... 2 more ... | undefined; }'. Did you mean to write 'roomNumber'?
app/features/hotel/actions/updateRoom.ts(90,39): error TS2551: Property 'room_id' does not exist on type 'PgTableWithColumns<{ name: "room_facilities"; schema: undefined; columns: { roomId: PgColumn<{ name: "room_id"; tableName: "room_facilities"; dataType: "number"; columnType: "PgInteger"; data: number; driverParam: string | number; ... 8 more ...; generated: undefined; }, {}, {}>; facilityId: PgColumn<...>; }; dialec...'. Did you mean 'roomId'?
app/features/hotel/actions/updateRoom.ts(94,11): error TS2769: No overload matches this call.
  Overload 1 of 2, '(value: { facilityId: number | SQL<unknown> | Placeholder<string, any>; roomId: number | SQL<unknown> | Placeholder<string, any>; }): PgInsertBase<PgTableWithColumns<{ name: "room_facilities"; schema: undefined; columns: { ...; }; dialect: "pg"; }>, ... 4 more ..., never>', gave the following error.
    Argument of type '{ room_id: number; facility_id: number; }[]' is not assignable to parameter of type '{ facilityId: number | SQL<unknown> | Placeholder<string, any>; roomId: number | SQL<unknown> | Placeholder<string, any>; }'.
      Type '{ room_id: number; facility_id: number; }[]' is missing the following properties from type '{ facilityId: number | SQL<unknown> | Placeholder<string, any>; roomId: number | SQL<unknown> | Placeholder<string, any>; }': facilityId, roomId
  Overload 2 of 2, '(values: { facilityId: number | SQL<unknown> | Placeholder<string, any>; roomId: number | SQL<unknown> | Placeholder<string, any>; }[]): PgInsertBase<PgTableWithColumns<{ name: "room_facilities"; schema: undefined; columns: { ...; }; dialect: "pg"; }>, ... 4 more ..., never>', gave the following error.
    Argument of type '{ room_id: number; facility_id: number; }[]' is not assignable to parameter of type '{ facilityId: number | SQL<unknown> | Placeholder<string, any>; roomId: number | SQL<unknown> | Placeholder<string, any>; }[]'.
      Type '{ room_id: number; facility_id: number; }' is missing the following properties from type '{ facilityId: number | SQL<unknown> | Placeholder<string, any>; roomId: number | SQL<unknown> | Placeholder<string, any>; }': facilityId, roomId
app/features/hotel/actions/updateRoom.ts(104,35): error TS2551: Property 'room_id' does not exist on type 'PgTableWithColumns<{ name: "room_images"; schema: undefined; columns: { id: PgColumn<{ name: "id"; tableName: "room_images"; dataType: "number"; columnType: "PgInteger"; data: number; driverParam: string | number; notNull: true; ... 7 more ...; generated: undefined; }, {}, {}>; roomId: PgColumn<...>; imageUrl: PgCol...'. Did you mean 'roomId'?
app/features/hotel/actions/updateRoom.ts(108,11): error TS2769: No overload matches this call.
  Overload 1 of 2, '(value: { imageUrl: string | SQL<unknown> | Placeholder<string, any>; publicId: string | SQL<unknown> | Placeholder<string, any>; roomId: number | SQL<unknown> | Placeholder<...>; createdAt?: SQL<...> | ... 2 more ... | undefined; }): PgInsertBase<...>', gave the following error.
    Argument of type '{ room_id: number; image_url: string; public_id: string; }[]' is not assignable to parameter of type '{ imageUrl: string | SQL<unknown> | Placeholder<string, any>; publicId: string | SQL<unknown> | Placeholder<string, any>; roomId: number | SQL<unknown> | Placeholder<...>; createdAt?: SQL<...> | ... 2 more ... | undefined; }'.
      Type '{ room_id: number; image_url: string; public_id: string; }[]' is missing the following properties from type '{ imageUrl: string | SQL<unknown> | Placeholder<string, any>; publicId: string | SQL<unknown> | Placeholder<string, any>; roomId: number | SQL<unknown> | Placeholder<...>; createdAt?: SQL<...> | ... 2 more ... | undefined; }': imageUrl, publicId, roomId
  Overload 2 of 2, '(values: { imageUrl: string | SQL<unknown> | Placeholder<string, any>; publicId: string | SQL<unknown> | Placeholder<string, any>; roomId: number | SQL<unknown> | Placeholder<...>; createdAt?: SQL<...> | ... 2 more ... | undefined; }[]): PgInsertBase<...>', gave the following error.
    Argument of type '{ room_id: number; image_url: string; public_id: string; }[]' is not assignable to parameter of type '{ imageUrl: string | SQL<unknown> | Placeholder<string, any>; publicId: string | SQL<unknown> | Placeholder<string, any>; roomId: number | SQL<unknown> | Placeholder<...>; createdAt?: SQL<...> | ... 2 more ... | undefined; }[]'.
      Type '{ room_id: number; image_url: string; public_id: string; }' is missing the following properties from type '{ imageUrl: string | SQL<unknown> | Placeholder<string, any>; publicId: string | SQL<unknown> | Placeholder<string, any>; roomId: number | SQL<unknown> | Placeholder<...>; createdAt?: SQL<...> | ... 2 more ... | undefined; }': imageUrl, publicId, roomId
app/features/restaurant/services/restaurant.service.ts(22,32): error TS2551: Property 'user_id' does not exist on type 'PgTableWithColumns<{ name: "restaurants"; schema: undefined; columns: { id: PgColumn<{ name: "id"; tableName: "restaurants"; dataType: "number"; columnType: "PgInteger"; data: number; driverParam: string | number; notNull: true; ... 7 more ...; generated: undefined; }, {}, {}>; ... 12 more ...; updatedAt: PgColumn<....'. Did you mean 'userId'?
app/features/restaurant/services/restaurant.service.ts(34,7): error TS2769: No overload matches this call.
  Overload 1 of 2, '(value: { name: string | SQL<unknown> | Placeholder<string, any>; description: string | SQL<unknown> | Placeholder<string, any>; phoneNumber: string | SQL<unknown> | Placeholder<...>; ... 9 more ...; updatedAt?: SQL<...> | ... 3 more ... | undefined; }): PgInsertBase<...>', gave the following error.
    Object literal may only specify known properties, but 'user_id' does not exist in type '{ name: string | SQL<unknown> | Placeholder<string, any>; description: string | SQL<unknown> | Placeholder<string, any>; phoneNumber: string | SQL<unknown> | Placeholder<...>; ... 9 more ...; updatedAt?: SQL<...> | ... 3 more ... | undefined; }'. Did you mean to write 'userId'?
  Overload 2 of 2, '(values: { name: string | SQL<unknown> | Placeholder<string, any>; description: string | SQL<unknown> | Placeholder<string, any>; phoneNumber: string | SQL<unknown> | Placeholder<...>; ... 9 more ...; updatedAt?: SQL<...> | ... 3 more ... | undefined; }[]): PgInsertBase<...>', gave the following error.
    Object literal may only specify known properties, and 'user_id' does not exist in type '{ name: string | SQL<unknown> | Placeholder<string, any>; description: string | SQL<unknown> | Placeholder<string, any>; phoneNumber: string | SQL<unknown> | Placeholder<...>; ... 9 more ...; updatedAt?: SQL<...> | ... 3 more ... | undefined; }[]'.
app/features/restaurant/services/restaurant.service.ts(51,32): error TS2551: Property 'user_id' does not exist on type 'PgTableWithColumns<{ name: "restaurants"; schema: undefined; columns: { id: PgColumn<{ name: "id"; tableName: "restaurants"; dataType: "number"; columnType: "PgInteger"; data: number; driverParam: string | number; notNull: true; ... 7 more ...; generated: undefined; }, {}, {}>; ... 12 more ...; updatedAt: PgColumn<....'. Did you mean 'userId'?
app/features/restaurant/services/restaurant.service.ts(63,34): error TS2339: Property 'location' does not exist on type 'PgTableWithColumns<{ name: "restaurants"; schema: undefined; columns: { id: PgColumn<{ name: "id"; tableName: "restaurants"; dataType: "number"; columnType: "PgInteger"; data: number; driverParam: string | number; notNull: true; ... 7 more ...; generated: undefined; }, {}, {}>; ... 12 more ...; updatedAt: PgColumn<....'.
app/features/restaurant/services/restaurant.service.ts(64,34): error TS2551: Property 'restaurant_image_url' does not exist on type 'PgTableWithColumns<{ name: "restaurants"; schema: undefined; columns: { id: PgColumn<{ name: "id"; tableName: "restaurants"; dataType: "number"; columnType: "PgInteger"; data: number; driverParam: string | number; notNull: true; ... 7 more ...; generated: undefined; }, {}, {}>; ... 12 more ...; updatedAt: PgColumn<....'. Did you mean 'restaurantImageUrl'?
